    Blocking waiting for file lock on artifact directory
   Compiling psm v0.1.29
   Compiling stacker v0.1.22
   Compiling vswhom-sys v0.1.3
   Compiling zstd-sys v2.0.16+zstd.1.5.7
   Compiling lz4-sys v1.11.1+lz4-1.10.0
   Compiling libsqlite3-sys v0.31.0
   Compiling polars-utils v0.46.0
   Compiling recursive v0.1.1
   Compiling vswhom v0.1.0
   Compiling embed-resource v3.0.6
   Compiling tauri-winres v0.3.5
   Compiling tauri-build v2.5.5
   Compiling polars-schema v0.46.0
   Compiling polars-arrow v0.46.0
   Compiling zstd-safe v7.2.4
   Compiling zstd v0.13.3
   Compiling rusqlite v0.33.0
   Compiling tauri v2.10.2
   Compiling backtester v0.1.0 (C:\Users\Lautaro\Documents\backtester-rust\src-tauri)
   Compiling lz4 v1.28.1
   Compiling tauri-plugin-fs v2.4.5
   Compiling tauri-plugin-shell v2.3.5
   Compiling tauri-plugin-dialog v2.6.0
   Compiling polars-compute v0.46.0
   Compiling polars-row v0.46.0
   Compiling polars-parquet v0.46.0
   Compiling polars-core v0.46.0
   Compiling polars-ops v0.46.0
   Compiling polars-time v0.46.0
   Compiling polars-io v0.46.0
   Compiling polars-plan v0.46.0
   Compiling polars-expr v0.46.0
   Compiling polars-mem-engine v0.46.0
   Compiling polars-lazy v0.46.0
   Compiling polars v0.46.0
    Finished `test` profile [unoptimized + debuginfo] target(s) in 1m 03s
     Running unittests src\lib.rs (target\debug\deps\backtester_lib-12cce72b7418e0cf.exe)

running 44 tests
test engine::indicators::tests::test_atr_basic ... ok
test engine::indicators::tests::test_adx_basic ... ok
test engine::indicators::tests::test_bollinger_bands_basic ... ok
test engine::indicators::tests::test_cci_basic ... ok
test engine::indicators::tests::test_ema_basic ... ok
test engine::indicators::tests::test_compute_indicator_dispatches ... ok
test engine::indicators::tests::test_macd_basic ... ok
test engine::indicators::tests::test_parabolic_sar_basic ... ok
test engine::indicators::tests::test_roc_basic ... ok
test engine::indicators::tests::test_roc_values ... ok
test engine::indicators::tests::test_rsi_basic ... ok
test engine::indicators::tests::test_sma_basic ... ok
test engine::indicators::tests::test_stochastic_basic ... ok
test engine::indicators::tests::test_vwap_basic ... ok
test engine::indicators::tests::test_williams_r_basic ... ok
test engine::metrics::tests::test_basic_metrics ... ok
test data::storage::tests::test_symbol_not_found ... ok
test engine::metrics::tests::test_consecutive_wins_losses ... ok
test data::storage::tests::test_get_symbol_by_id ... ok
test data::storage::tests::test_insert_and_get_symbols ... ok
test engine::metrics::tests::test_drawdown_stats ... ok
test engine::metrics::tests::test_empty_metrics ... ok
test engine::optimizer::tests::test_extract_objective ... ok
test engine::metrics::tests::test_sharpe_ratio ... ok
test engine::optimizer::tests::test_generate_grid_simple ... ok
test engine::optimizer::tests::test_generate_grid_cartesian ... ok
test engine::optimizer::tests::test_generate_grid_too_many ... ok
test engine::optimizer::tests::test_snap_to_step ... ok
test data::storage::tests::test_delete_symbol ... ok
test engine::orders::tests::test_apply_entry_costs_long ... ok
test engine::orders::tests::test_commission_fixed_per_lot ... ok
test engine::orders::tests::test_pnl_long ... ok
test engine::orders::tests::test_pnl_short ... ok
test engine::strategy::tests::test_evaluate_and_logic ... ok
test engine::strategy::tests::test_evaluate_greater_than ... ok
test engine::strategy::tests::test_evaluate_cross_above ... ok
test engine::strategy::tests::test_evaluate_or_logic ... ok
test engine::strategy::tests::test_operand_with_offset ... ok
test data::validator::tests::test_invalid_column_count ... ok
test data::validator::tests::test_headerless_tick_3cols ... ok
test data::validator::tests::test_headerless_tick_4cols ... ok
test data::validator::tests::test_detect_bar_format_with_headers ... ok
test data::validator::tests::test_detect_tick_format_with_headers ... ok
test data::validator::tests::test_headerless_bar_9cols ... ok

test result: ok. 44 passed; 0 failed; 0 ignored; 0 measured; 0 filtered out; finished in 0.01s

     Running unittests src\main.rs (target\debug\deps\backtester-b8f3aabed67da740.exe)

running 0 tests

test result: ok. 0 passed; 0 failed; 0 ignored; 0 measured; 0 filtered out; finished in 0.00s

   Doc-tests backtester_lib

running 0 tests

test result: ok. 0 passed; 0 failed; 0 ignored; 0 measured; 0 filtered out; finished in 0.00s

